// Jest Snapshot v1, https://goo.gl/fbAQLP

exports[`Signout Happy Path 1`] = `
Object {
  "data": Object {
    "signout": Object {
      "code": "ok",
      "message": "Goodbye!",
      "success": true,
    },
  },
  "errors": undefined,
  "extensions": undefined,
  "http": Object {
    "headers": Headers {
      Symbol(map): Object {},
    },
  },
}
`;
